2025-05-30 16:09:36,771 - app.main - INFO - 收到创意生成请求，主题: 气候变化
2025-05-30 16:09:36,772 - app.services.ideation_service - INFO - 开始处理主题: 气候变化
2025-05-30 16:09:36,773 - app.chains.ideation_chain - INFO - 开始运行创意生成链，主题: 气候变化
2025-05-30 16:09:36,773 - app.chains.ideation_chain - INFO - 初始化创意生成链
2025-05-30 16:09:37,555 - app.chains.ideation_chain - INFO - 创意生成链初始化完成
2025-05-30 16:09:53,319 - app.chains.ideation_chain - INFO - 创意生成链执行完成: 根据“气候变化就像一位失控的指挥家”的隐喻，我们可以设计几个不同类型的图表来传达这一主题。以下是几个设计建议：

### 1. **交响乐谱风格的折线图**

**设计逻辑：**
- 将气候变化的数据（如温度、降水量、极端天气事件等）用折线图表示，类似乐谱上的音符。
- 每条线代表一种气候因素，曲线的起伏象征着气候的“旋律”。
- 在折线的关键转折点上，可以用不同的颜色或符号标识重要的气候事件（如冰川融化、森林火灾等），这些点就像是指挥家的“失控”时刻，让原本和谐的旋律变得支离破碎。

### 2. **指挥家手势的动态气泡图**

**设计逻辑：**
- 设计一个动态气泡图，其中每个气泡代表一个国家或地区的碳排放量、温室气体浓度等指标。
- 气泡的大小和颜色可以表示该地区的温室气体排放量和气候变化的影响程度。 
- 随着时间的推移，气泡在图表中移动，展示出气候变化的动态过程，仿佛指挥家在乐团中指挥着不同的乐器。
- 用不同的音符形状表示不同的气候政策（如可再生能源、碳交易等），展示它们对气候变化的影响。

### 3. **和声与失调的堆叠柱状图**

**设计逻辑：**
- 使用堆叠柱状图来表示不同的气候因素（如二氧化碳、甲烷、氮氧化物等），每一层代表一种气体的浓度变化。
- 柱状图的整体高度象征着“交响乐”的和谐程度，而不同层次的变化则表示气候变化带来的“失调”。
- 通过颜色渐变来表示和谐与失调之间的关系，比如和谐的颜色使用冷色调（蓝、绿），而失调的颜色使用暖色调（红、橙）。

### 4. **交响乐团的网络图**

**设计逻辑：**
- 设计一个网络图，节点代表不同的气候因素（如温室气体、气候政策、自然灾害等），边代表它们之间的关系。
- 节点的大小可以表示各因素的重要性，边的粗细表示影响的强度。
- 网络的复杂程度反映出气候变化的“失控”状态，节点之间的连接和断裂象征着和谐与失调的关系。

通过这些设计，我们可以有效地传达气候变化对生态平衡的影响，展现其如同失控指挥家一般的复杂性和急迫性。
2025-05-30 16:09:53,321 - app.services.ideation_service - ERROR - 创意生成失败: string indices must be integers
Traceback (most recent call last):
  File "/Users/anker/Tongji(local)/idvx/Ideation_code/app/services/ideation_service.py", line 20, in run_ideation_pipeline
    result = run_ideation_chain(topic)
  File "/Users/anker/Tongji(local)/idvx/Ideation_code/app/chains/ideation_chain.py", line 58, in run_ideation_chain
    "metaphor": result["metaphor"],
TypeError: string indices must be integers
2025-05-30 16:09:53,322 - app.main - ERROR - 创意生成失败: string indices must be integers
Traceback (most recent call last):
  File "/Users/anker/Tongji(local)/idvx/Ideation_code/app/services/ideation_service.py", line 20, in run_ideation_pipeline
    result = run_ideation_chain(topic)
  File "/Users/anker/Tongji(local)/idvx/Ideation_code/app/chains/ideation_chain.py", line 58, in run_ideation_chain
    "metaphor": result["metaphor"],
TypeError: string indices must be integers

During handling of the above exception, another exception occurred:

Traceback (most recent call last):
  File "/Users/anker/Tongji(local)/idvx/Ideation_code/app/main.py", line 60, in generate_ideation
    result = run_ideation_pipeline(request.topic)
  File "/Users/anker/Tongji(local)/idvx/Ideation_code/app/services/ideation_service.py", line 25, in run_ideation_pipeline
    raise Exception(str(e))
Exception: string indices must be integers
2025-05-30 16:11:29,942 - app.main - INFO - 收到创意生成请求，主题: 气候变化
2025-05-30 16:11:29,942 - app.services.ideation_service - INFO - 开始处理主题: 气候变化
2025-05-30 16:11:29,942 - app.chains.ideation_chain - INFO - 开始运行创意生成链，主题: 气候变化
2025-05-30 16:11:29,943 - app.chains.ideation_chain - INFO - 初始化创意生成链
2025-05-30 16:11:30,815 - app.chains.ideation_chain - INFO - 创意生成链初始化完成
2025-05-30 16:11:52,010 - app.chains.ideation_chain - INFO - 创意生成链执行完成: 根据这个隐喻，气候变化被比喻为一位愤怒的画家，强调了气候变化对地球的影响和逐渐加剧的阴暗色彩。以下是几个图表设计建议，旨在通过视觉传达这一隐喻：

### 1. 渐变色块图
**图表类型**：渐变色块图（也可以称为热力图）

**设计逻辑**：
- 使用渐变色彩从明亮的色调（象征健康、繁荣的地球）逐渐过渡到阴暗的色调（代表气候变化的威胁和破坏）。
- 可以将图表分为多个区域，分别代表不同地区或生态系统（如森林、海洋、城市等），并在每个区域内使用不同的色调深浅，反映该地区受气候变化影响的程度。
- 在图表的边缘或底部增加一个“画笔”元素，象征着这位愤怒的画家，随着气候变化的发展，画笔的颜色也逐渐变得阴暗。

### 2. 叠加层图
**图表类型**：叠加层图（Area Chart）

**设计逻辑**：
- 将不同时间段的气候数据（如温度、降水量、极端天气事件频率等）分层叠加，形成一幅“画作”。
- 上层使用鲜亮的色彩，代表过去的气候状态，底层使用阴暗的色彩，表示当前和未来的气候变化趋势。
- 每一层之间可以用渐变效果过渡，暗示气候变化是一个渐进的过程，而非突发事件。
- 图表的上方或下方可以加入“画家的签名”或日期，表示时间的推移，暗示着人类在这幅画作中的责任。

### 3. 破碎的画布图
**图表类型**：分裂饼图（也可以称为破碎饼图）

**设计逻辑**：
- 将饼图设计为一幅破碎的画布，饼图的每一个部分代表不同的气候变化因素（如温室气体排放、森林砍伐、海平面上升等）。
- 每个部分使用不同的颜色，基于隐喻的逻辑，明亮的颜色代表积极的因素（如可再生能源），而暗淡的颜色则代表消极的因素（如化石燃料使用）。
- 在饼图的中心加入一个“画笔”图标，象征着这些因素共同构成了气候变化这幅画作的核心。
- 可以在每个部分旁边添加简短的文本说明，描述这些因素如何影响地球的未来。

### 4. 时间轴与画作演变图
**图表类型**：时间轴（Timeline）

**设计逻辑**：
- 设计一个时间轴，展示气候变化的历史和未来预测，沿着时间轴展示不同年份的“画作”效果。
- 每个时间节点上可以使用小图标或缩略图，展示当时的气候状态（如冰川融化、森林覆盖率变化等），并用颜色深浅变化来体现“愤怒画家的”情绪变化。
- 在时间轴的末尾，留下一个空白区域，暗示未来的气候变化将会如何影响这幅画作，鼓励观众思考行动的重要性。

这些设计建议不仅能够传达气候变化的紧迫性，还能通过隐喻的手法引发观众的情感共鸣，促使其关注和思考气候变化问题。
2025-05-30 16:11:52,013 - app.services.ideation_service - INFO - 创意生成完成: {'topic': '气候变化', 'metaphor': '气候变化就像一位失控的指挥家', 'chart_idea': '根据这个隐喻，气候变化被比喻为一位愤怒的画家，强调了气候变化对地球的影响和逐渐加剧的阴暗色彩。以下是几个图表设计建议，旨在通过视觉传达这一隐喻：\n\n### 1. 渐变色块图\n**图表类型**：渐变色块图（也可以称为热力图）\n\n**设计逻辑**：\n- 使用渐变色彩从明亮的色调（象征健康、繁荣的地球）逐渐过渡到阴暗的色调（代表气候变化的威胁和破坏）。\n- 可以将图表分为多个区域，分别代表不同地区或生态系统（如森林、海洋、城市等），并在每个区域内使用不同的色调深浅，反映该地区受气候变化影响的程度。\n- 在图表的边缘或底部增加一个“画笔”元素，象征着这位愤怒的画家，随着气候变化的发展，画笔的颜色也逐渐变得阴暗。\n\n### 2. 叠加层图\n**图表类型**：叠加层图（Area Chart）\n\n**设计逻辑**：\n- 将不同时间段的气候数据（如温度、降水量、极端天气事件频率等）分层叠加，形成一幅“画作”。\n- 上层使用鲜亮的色彩，代表过去的气候状态，底层使用阴暗的色彩，表示当前和未来的气候变化趋势。\n- 每一层之间可以用渐变效果过渡，暗示气候变化是一个渐进的过程，而非突发事件。\n- 图表的上方或下方可以加入“画家的签名”或日期，表示时间的推移，暗示着人类在这幅画作中的责任。\n\n### 3. 破碎的画布图\n**图表类型**：分裂饼图（也可以称为破碎饼图）\n\n**设计逻辑**：\n- 将饼图设计为一幅破碎的画布，饼图的每一个部分代表不同的气候变化因素（如温室气体排放、森林砍伐、海平面上升等）。\n- 每个部分使用不同的颜色，基于隐喻的逻辑，明亮的颜色代表积极的因素（如可再生能源），而暗淡的颜色则代表消极的因素（如化石燃料使用）。\n- 在饼图的中心加入一个“画笔”图标，象征着这些因素共同构成了气候变化这幅画作的核心。\n- 可以在每个部分旁边添加简短的文本说明，描述这些因素如何影响地球的未来。\n\n### 4. 时间轴与画作演变图\n**图表类型**：时间轴（Timeline）\n\n**设计逻辑**：\n- 设计一个时间轴，展示气候变化的历史和未来预测，沿着时间轴展示不同年份的“画作”效果。\n- 每个时间节点上可以使用小图标或缩略图，展示当时的气候状态（如冰川融化、森林覆盖率变化等），并用颜色深浅变化来体现“愤怒画家的”情绪变化。\n- 在时间轴的末尾，留下一个空白区域，暗示未来的气候变化将会如何影响这幅画作，鼓励观众思考行动的重要性。\n\n这些设计建议不仅能够传达气候变化的紧迫性，还能通过隐喻的手法引发观众的情感共鸣，促使其关注和思考气候变化问题。'}
2025-05-30 16:11:52,014 - app.main - INFO - 创意生成成功: {'topic': '气候变化', 'metaphor': '气候变化就像一位失控的指挥家', 'chart_idea': '根据这个隐喻，气候变化被比喻为一位愤怒的画家，强调了气候变化对地球的影响和逐渐加剧的阴暗色彩。以下是几个图表设计建议，旨在通过视觉传达这一隐喻：\n\n### 1. 渐变色块图\n**图表类型**：渐变色块图（也可以称为热力图）\n\n**设计逻辑**：\n- 使用渐变色彩从明亮的色调（象征健康、繁荣的地球）逐渐过渡到阴暗的色调（代表气候变化的威胁和破坏）。\n- 可以将图表分为多个区域，分别代表不同地区或生态系统（如森林、海洋、城市等），并在每个区域内使用不同的色调深浅，反映该地区受气候变化影响的程度。\n- 在图表的边缘或底部增加一个“画笔”元素，象征着这位愤怒的画家，随着气候变化的发展，画笔的颜色也逐渐变得阴暗。\n\n### 2. 叠加层图\n**图表类型**：叠加层图（Area Chart）\n\n**设计逻辑**：\n- 将不同时间段的气候数据（如温度、降水量、极端天气事件频率等）分层叠加，形成一幅“画作”。\n- 上层使用鲜亮的色彩，代表过去的气候状态，底层使用阴暗的色彩，表示当前和未来的气候变化趋势。\n- 每一层之间可以用渐变效果过渡，暗示气候变化是一个渐进的过程，而非突发事件。\n- 图表的上方或下方可以加入“画家的签名”或日期，表示时间的推移，暗示着人类在这幅画作中的责任。\n\n### 3. 破碎的画布图\n**图表类型**：分裂饼图（也可以称为破碎饼图）\n\n**设计逻辑**：\n- 将饼图设计为一幅破碎的画布，饼图的每一个部分代表不同的气候变化因素（如温室气体排放、森林砍伐、海平面上升等）。\n- 每个部分使用不同的颜色，基于隐喻的逻辑，明亮的颜色代表积极的因素（如可再生能源），而暗淡的颜色则代表消极的因素（如化石燃料使用）。\n- 在饼图的中心加入一个“画笔”图标，象征着这些因素共同构成了气候变化这幅画作的核心。\n- 可以在每个部分旁边添加简短的文本说明，描述这些因素如何影响地球的未来。\n\n### 4. 时间轴与画作演变图\n**图表类型**：时间轴（Timeline）\n\n**设计逻辑**：\n- 设计一个时间轴，展示气候变化的历史和未来预测，沿着时间轴展示不同年份的“画作”效果。\n- 每个时间节点上可以使用小图标或缩略图，展示当时的气候状态（如冰川融化、森林覆盖率变化等），并用颜色深浅变化来体现“愤怒画家的”情绪变化。\n- 在时间轴的末尾，留下一个空白区域，暗示未来的气候变化将会如何影响这幅画作，鼓励观众思考行动的重要性。\n\n这些设计建议不仅能够传达气候变化的紧迫性，还能通过隐喻的手法引发观众的情感共鸣，促使其关注和思考气候变化问题。'}
2025-05-30 17:02:33,472 - app.main - INFO - 收到创意生成请求，主题: 地震
2025-05-30 17:02:33,475 - app.services.ideation_service - INFO - 开始处理主题: 地震
2025-05-30 17:02:33,476 - app.chains.ideation_chain - INFO - 开始运行创意生成链，主题: 地震
2025-05-30 17:02:33,477 - app.chains.ideation_chain - INFO - 初始化创意生成链
2025-05-30 17:02:35,099 - app.chains.ideation_chain - INFO - 创意生成链初始化完成
2025-05-30 17:02:53,834 - app.chains.ideation_chain - INFO - 创意生成链执行完成: 根据您提供的隐喻，我可以提出以下几个图表设计建议，以展示地震的特征和影响。

### 1. **巨人挥动手臂的动态折线图**
- **图表类型**：动态折线图
- **设计逻辑**：
  - 使用折线图展示时间序列数据，如地震的震级和频率。
  - 折线图的每个波峰可以用不同颜色的箭头或图标（例如巨人的手臂）来表示震级的大小，箭头向上表示震级上升，向下表示震级下降。
  - 在特定的震中位置添加动画效果，模仿“巨人挥动手臂”的动作，随着震中位置的变化，手臂的方向和力度也随之变化，表现出地震的突然性和破坏性。

### 2. **地震影响范围的“撕裂地面”热力图**
- **图表类型**：热力图
- **设计逻辑**：
  - 采用热力图来展示地震的影响范围和强度，可以用不同颜色表示震中周围的震感强度。
  - 图中可以加入撕裂效果，模拟地面被巨人手臂撕裂的样子，使用裂缝的形状和颜色变化来表示震中到各个方向的强度衰减。
  - 在图的边缘添加一些具象元素，如巨人的形象或手臂图案，增强隐喻的效果。

### 3. **地震时间轴的“苏醒”动画**
- **图表类型**：时间轴图
- **设计逻辑**：
  - 创建一个时间轴图，展示地震发生前后的状态变化，特别是震前的静谧与震后的破坏。
  - 使用视觉元素（如巨人的头像）在时间轴上表示“苏醒”的时刻，震中位置出现爆发性的图形（如波浪、裂缝等）来表示地震的发生。
  - 结合动态效果，模拟巨人“醒来”的过程，逐渐增加震中周围的波动和影响范围，表现出愤怒的力量和不可预测的破坏力。

### 4. **地震对比图的“宁静与愤怒”**
- **图表类型**：对比柱状图
- **设计逻辑**：
  - 右侧的柱状图显示地震发生前后的对比数据，如房屋损毁数量、伤亡人数等，左侧展示地震前的宁静状态（如人口密度、经济活动等）。
  - 在柱状图的顶部添加图案表现巨人愤怒的状态，比如用震撼的手掌或力量的象征，进一步强调地震的突发性和破坏性。
  - 颜色对比上，使用冷色调表示“宁静”，热色调表示“愤怒”，形成鲜明的对比，使观众一目了然。

这些设计建议结合了隐喻的核心元素，旨在通过生动的视觉效果与数据结合，增强观众对地震现象的理解和感知。
2025-05-30 17:02:53,837 - app.services.ideation_service - INFO - 创意生成完成: {'topic': '地震', 'metaphor': '气候变化就像一位失控的指挥家', 'chart_idea': '根据您提供的隐喻，我可以提出以下几个图表设计建议，以展示地震的特征和影响。\n\n### 1. **巨人挥动手臂的动态折线图**\n- **图表类型**：动态折线图\n- **设计逻辑**：\n  - 使用折线图展示时间序列数据，如地震的震级和频率。\n  - 折线图的每个波峰可以用不同颜色的箭头或图标（例如巨人的手臂）来表示震级的大小，箭头向上表示震级上升，向下表示震级下降。\n  - 在特定的震中位置添加动画效果，模仿“巨人挥动手臂”的动作，随着震中位置的变化，手臂的方向和力度也随之变化，表现出地震的突然性和破坏性。\n\n### 2. **地震影响范围的“撕裂地面”热力图**\n- **图表类型**：热力图\n- **设计逻辑**：\n  - 采用热力图来展示地震的影响范围和强度，可以用不同颜色表示震中周围的震感强度。\n  - 图中可以加入撕裂效果，模拟地面被巨人手臂撕裂的样子，使用裂缝的形状和颜色变化来表示震中到各个方向的强度衰减。\n  - 在图的边缘添加一些具象元素，如巨人的形象或手臂图案，增强隐喻的效果。\n\n### 3. **地震时间轴的“苏醒”动画**\n- **图表类型**：时间轴图\n- **设计逻辑**：\n  - 创建一个时间轴图，展示地震发生前后的状态变化，特别是震前的静谧与震后的破坏。\n  - 使用视觉元素（如巨人的头像）在时间轴上表示“苏醒”的时刻，震中位置出现爆发性的图形（如波浪、裂缝等）来表示地震的发生。\n  - 结合动态效果，模拟巨人“醒来”的过程，逐渐增加震中周围的波动和影响范围，表现出愤怒的力量和不可预测的破坏力。\n\n### 4. **地震对比图的“宁静与愤怒”**\n- **图表类型**：对比柱状图\n- **设计逻辑**：\n  - 右侧的柱状图显示地震发生前后的对比数据，如房屋损毁数量、伤亡人数等，左侧展示地震前的宁静状态（如人口密度、经济活动等）。\n  - 在柱状图的顶部添加图案表现巨人愤怒的状态，比如用震撼的手掌或力量的象征，进一步强调地震的突发性和破坏性。\n  - 颜色对比上，使用冷色调表示“宁静”，热色调表示“愤怒”，形成鲜明的对比，使观众一目了然。\n\n这些设计建议结合了隐喻的核心元素，旨在通过生动的视觉效果与数据结合，增强观众对地震现象的理解和感知。'}
2025-05-30 17:02:53,837 - app.main - INFO - 创意生成成功: {'topic': '地震', 'metaphor': '气候变化就像一位失控的指挥家', 'chart_idea': '根据您提供的隐喻，我可以提出以下几个图表设计建议，以展示地震的特征和影响。\n\n### 1. **巨人挥动手臂的动态折线图**\n- **图表类型**：动态折线图\n- **设计逻辑**：\n  - 使用折线图展示时间序列数据，如地震的震级和频率。\n  - 折线图的每个波峰可以用不同颜色的箭头或图标（例如巨人的手臂）来表示震级的大小，箭头向上表示震级上升，向下表示震级下降。\n  - 在特定的震中位置添加动画效果，模仿“巨人挥动手臂”的动作，随着震中位置的变化，手臂的方向和力度也随之变化，表现出地震的突然性和破坏性。\n\n### 2. **地震影响范围的“撕裂地面”热力图**\n- **图表类型**：热力图\n- **设计逻辑**：\n  - 采用热力图来展示地震的影响范围和强度，可以用不同颜色表示震中周围的震感强度。\n  - 图中可以加入撕裂效果，模拟地面被巨人手臂撕裂的样子，使用裂缝的形状和颜色变化来表示震中到各个方向的强度衰减。\n  - 在图的边缘添加一些具象元素，如巨人的形象或手臂图案，增强隐喻的效果。\n\n### 3. **地震时间轴的“苏醒”动画**\n- **图表类型**：时间轴图\n- **设计逻辑**：\n  - 创建一个时间轴图，展示地震发生前后的状态变化，特别是震前的静谧与震后的破坏。\n  - 使用视觉元素（如巨人的头像）在时间轴上表示“苏醒”的时刻，震中位置出现爆发性的图形（如波浪、裂缝等）来表示地震的发生。\n  - 结合动态效果，模拟巨人“醒来”的过程，逐渐增加震中周围的波动和影响范围，表现出愤怒的力量和不可预测的破坏力。\n\n### 4. **地震对比图的“宁静与愤怒”**\n- **图表类型**：对比柱状图\n- **设计逻辑**：\n  - 右侧的柱状图显示地震发生前后的对比数据，如房屋损毁数量、伤亡人数等，左侧展示地震前的宁静状态（如人口密度、经济活动等）。\n  - 在柱状图的顶部添加图案表现巨人愤怒的状态，比如用震撼的手掌或力量的象征，进一步强调地震的突发性和破坏性。\n  - 颜色对比上，使用冷色调表示“宁静”，热色调表示“愤怒”，形成鲜明的对比，使观众一目了然。\n\n这些设计建议结合了隐喻的核心元素，旨在通过生动的视觉效果与数据结合，增强观众对地震现象的理解和感知。'}
